MPLINK 5.08, LINKER
Linker Map File - Created Tue Aug 02 00:06:04 2016

                                 Section Info
                  Section       Type    Address   Location Size(Bytes)
                ---------  ---------  ---------  ---------  ---------
                   .org_0       code   0x000000    program   0x000038
                   .cinit    romdata   0x000038    program   0x000002
.config_300000_BUILD/DEFAULT/PRODUCTION/LCDMAIN    romdata   0x300000    program   0x000001
.config_300001_BUILD/DEFAULT/PRODUCTION/LCDMAIN    romdata   0x300001    program   0x000001
.config_300002_BUILD/DEFAULT/PRODUCTION/LCDMAIN    romdata   0x300002    program   0x000001
.config_300003_BUILD/DEFAULT/PRODUCTION/LCDMAIN    romdata   0x300003    program   0x000001
.config_300005_BUILD/DEFAULT/PRODUCTION/LCDMAIN    romdata   0x300005    program   0x000001
.config_300006_BUILD/DEFAULT/PRODUCTION/LCDMAIN    romdata   0x300006    program   0x000001
.config_300008_BUILD/DEFAULT/PRODUCTION/LCDMAIN    romdata   0x300008    program   0x000001
.config_300009_BUILD/DEFAULT/PRODUCTION/LCDMAIN    romdata   0x300009    program   0x000001
.config_30000A_BUILD/DEFAULT/PRODUCTION/LCDMAIN    romdata   0x30000a    program   0x000001
.config_30000B_BUILD/DEFAULT/PRODUCTION/LCDMAIN    romdata   0x30000b    program   0x000001
.config_30000C_BUILD/DEFAULT/PRODUCTION/LCDMAIN    romdata   0x30000c    program   0x000001
.config_30000D_BUILD/DEFAULT/PRODUCTION/LCDMAIN    romdata   0x30000d    program   0x000001



                              Program Memory Usage 
                               Start         End      
                           ---------   ---------      
                            0x000000    0x000039      
                            0x300000    0x300003      
                            0x300005    0x300006      
                            0x300008    0x30000d      
            70 out of 33048 program addresses used, program memory utilization is 0%



                              Symbols - Sorted by Name
                     Name    Address   Location    Storage File                     
                ---------  ---------  ---------  --------- ---------                
                     HERE   0x000004    program     static C:\Users\Julian Santos\MPLABXProjects\LCDAssembler.X\LCDmain.asm
                       d0   0x00001c    program     static C:\Users\Julian Santos\MPLABXProjects\LCDAssembler.X\LCDmain.asm
                       d1   0x000022    program     static C:\Users\Julian Santos\MPLABXProjects\LCDAssembler.X\LCDmain.asm
                       d2   0x00002e    program     static C:\Users\Julian Santos\MPLABXProjects\LCDAssembler.X\LCDmain.asm
                delay10ms   0x000018    program     static C:\Users\Julian Santos\MPLABXProjects\LCDAssembler.X\LCDmain.asm
                delayW0ms   0x00002c    program     static C:\Users\Julian Santos\MPLABXProjects\LCDAssembler.X\LCDmain.asm
            initialconfig   0x00000e    program     static C:\Users\Julian Santos\MPLABXProjects\LCDAssembler.X\LCDmain.asm
                     main   0x000000    program     static C:\Users\Julian Santos\MPLABXProjects\LCDAssembler.X\LCDmain.asm



                              Symbols - Sorted by Address
                     Name    Address   Location    Storage File                     
                ---------  ---------  ---------  --------- ---------                
                     main   0x000000    program     static C:\Users\Julian Santos\MPLABXProjects\LCDAssembler.X\LCDmain.asm
                     HERE   0x000004    program     static C:\Users\Julian Santos\MPLABXProjects\LCDAssembler.X\LCDmain.asm
            initialconfig   0x00000e    program     static C:\Users\Julian Santos\MPLABXProjects\LCDAssembler.X\LCDmain.asm
                delay10ms   0x000018    program     static C:\Users\Julian Santos\MPLABXProjects\LCDAssembler.X\LCDmain.asm
                       d0   0x00001c    program     static C:\Users\Julian Santos\MPLABXProjects\LCDAssembler.X\LCDmain.asm
                       d1   0x000022    program     static C:\Users\Julian Santos\MPLABXProjects\LCDAssembler.X\LCDmain.asm
                delayW0ms   0x00002c    program     static C:\Users\Julian Santos\MPLABXProjects\LCDAssembler.X\LCDmain.asm
                       d2   0x00002e    program     static C:\Users\Julian Santos\MPLABXProjects\LCDAssembler.X\LCDmain.asm


